Microchip MPLAB XC8 Compiler V2.31

Linker command line:

-W-3 --edf=D:\Program Files\Microchip\xc8\v2.31\pic\dat\en_msgs.txt -cn \
  -h+dist/default/production\DS1307_Rx.X.production.sym \
  --cmf=dist/default/production\DS1307_Rx.X.production.cmf -z -Q18F4550 \
  -oC:\Users\ADMINI~1\AppData\Local\Temp\s4io.2 --defsym=__MPLAB_BUILD=1 \
  -Mdist/default/production/DS1307_Rx.X.production.map -E1 \
  -ver=XC8 Compiler --acfsm=1493 -ASTACK=01E1h-07FFh -pstack=STACK \
  -ACODE=00h-07FFFh -ACONST=00h-07FFFh -ASMALLCONST=0800h-08FFhx120 \
  -AMEDIUMCONST=0800h-07FFFh -ACOMRAM=01h-05Fh -AABS1=00h-07FFh \
  -ABIGRAM=01h-07FFh -ARAM=060h-0FFh,0100h-01FFhx7 -ABANK0=060h-0FFh \
  -ABANK1=0100h-01FFh -ABANK2=0200h-02FFh -ABANK3=0300h-03FFh \
  -ABANK4=0400h-04FFh -ABANK5=0500h-05FFh -ABANK6=0600h-06FFh \
  -ABANK7=0700h-07FFh -ASFR=0F60h-0FFFh -ACONFIG=0300000h-030000Dh \
  -AIDLOC=0200000h-0200007h -AEEDATA=0F00000h-0F000FFh -peeprom_data=EEDATA \
  -preset_vec=00h,intcode,intcodelo,powerup,init -pramtop=0800h \
  -psmallconst=SMALLCONST -pmediumconst=MEDIUMCONST -pconst=CONST \
  -AFARRAM=00h-00h \
  -prdata=COMRAM,nvrram=COMRAM,nvbit=COMRAM,rbss=COMRAM,rbit=COMRAM \
  -pfarbss=FARRAM,fardata=FARRAM,nvFARRAM=FARRAM \
  -pintsave_regs=BIGRAM,bigbss=BIGRAM,bigdata=BIGRAM -pbss=RAM \
  -pidata=CODE,irdata=CODE,ibigdata=CODE,ifardata=CODE -prparam=COMRAM \
  C:\Users\ADMINI~1\AppData\Local\Temp\s4io.o \
  dist/default/production\DS1307_Rx.X.production.o 

Object code version is 3.11

Machine type is 18F4550



                Name                               Link     Load   Length Selector   Space Scale
C:\Users\ADMINI~1\AppData\Local\Temp\s4io.o
                idloc                            200000   200000        8        0       5
                config                           300000   300000        E        0       4
                init                                  0        0        4        0       0
dist/default/production\DS1307_Rx.X.production.o
                idloc                            200000   200000        8        0       5
                config                           300000   300000        E        0       4
                text9                              7A78     7A78       52     3D3C       0
                text8                              79E8     79E8       2C     3CF4       0
                text7                              7A14     7A14       30     3D0A       0
                text6                              7D82     7D82       EA     3EC1       0
                text5                              7ACA     7ACA       52     3D65       0
                text4                              7A44     7A44       34     3D22       0
                text3                              7E6C     7E6C      194     3F36       0
                text2                              798E     798E       18     3CC7       0
                text1                              79C2     79C2       26     3CE1       0
                text0                              7BF6     7BF6       AA     3DFB       0
                cstackCOMRAM                         27       27        A        1       1
                dataBANK1                           100      100       E1      100       1
                dataBANK0                            60       60       64       60       1
                dataCOMRAM                            1        1       1C        1       1
                bssCOMRAM                            1D       1D        A        1       1
                cinit                              7B80     7B80       76     3DC0       0
                idataBANK1                         7CA1     7CA1       E1     7CA1       0
                idataBANK0                         7B1C     7B1C       64     7B1C       0
                idataCOMRAM                        79A6     79A6       1C     79A6       0

TOTAL           Name                               Link     Load   Length     Space
        CLASS   STACK          

        CLASS   CODE           
                init                                  0        0        4         0
                text9                              7A78     7A78       52         0
                text8                              79E8     79E8       2C         0
                text7                              7A14     7A14       30         0
                text6                              7D82     7D82       EA         0
                text5                              7ACA     7ACA       52         0
                text4                              7A44     7A44       34         0
                text3                              7E6C     7E6C      194         0
                text2                              798E     798E       18         0
                text1                              79C2     79C2       26         0
                text0                              7BF6     7BF6       AA         0
                cinit                              7B80     7B80       76         0
                idataBANK1                         7CA1     7CA1       E1         0
                idataBANK0                         7B1C     7B1C       64         0
                idataCOMRAM                        79A6     79A6       1C         0

        CLASS   CONST          

        CLASS   SMALLCONST     

        CLASS   MEDIUMCONST    

        CLASS   COMRAM         
                cstackCOMRAM                         27       27        A         1
                dataCOMRAM                            1        1       1C         1
                bssCOMRAM                            1D       1D        A         1

        CLASS   ABS1           

        CLASS   BIGRAM         

        CLASS   RAM            

        CLASS   BANK0          
                dataBANK0                            60       60       64         1

        CLASS   BANK1          
                dataBANK1                           100      100       E1         1

        CLASS   BANK2          

        CLASS   BANK3          

        CLASS   BANK4          

        CLASS   BANK5          

        CLASS   BANK6          

        CLASS   BANK7          

        CLASS   SFR            

        CLASS   CONFIG         
                config                           300000   300000        E         4

        CLASS   IDLOC          
                idloc                            200000   200000        8         5

        CLASS   EEDATA         

        CLASS   FARRAM         



SEGMENTS        Name                           Load    Length   Top    Selector   Space  Class

                reset_vec                      000000  000004  000004         0       0  CODE    
                dataCOMRAM                     000001  000030  000031         1       1  COMRAM  
                dataBANK0                      000060  000064  0000C4        60       1  BANK0   
                dataBANK1                      000100  0000E1  0001E1       100       1  BANK1   
                text2                          00798E  000018  0079A6      3CC7       0  CODE    
                idataCOMRAM                    0079A6  00001C  0079C2      79A6       0  CODE    
                text1                          0079C2  000026  0079E8      3CE1       0  CODE    
                text8                          0079E8  00002C  007A14      3CF4       0  CODE    
                text7                          007A14  000030  007A44      3D0A       0  CODE    
                text4                          007A44  000034  007A78      3D22       0  CODE    
                text9                          007A78  000052  007ACA      3D3C       0  CODE    
                text5                          007ACA  000052  007B1C      3D65       0  CODE    
                idataBANK0                     007B1C  000064  007B80      7B1C       0  CODE    
                cinit                          007B80  000076  007BF6      3DC0       0  CODE    
                text0                          007BF6  0000AA  007CA0      3DFB       0  CODE    
                idataBANK1                     007CA1  0000E1  007D82      7CA1       0  CODE    
                text6                          007D82  0000EA  007E6C      3EC1       0  CODE    
                text3                          007E6C  000194  008000      3F36       0  CODE    


UNUSED ADDRESS RANGES

        Name                Unused          Largest block    Delta
        BANK0            0000C4-0000FF               3C
        BANK1            0001E1-0001FF               1F
        BANK2            000200-0002FF              100
        BANK3            000300-0003FF              100
        BANK4            000400-0004FF              100
        BANK5            000500-0005FF              100
        BANK6            000600-0006FF              100
        BANK7            000700-0007FF              100
        BIGRAM           000031-00005F               2F
                         0000C4-0000FF               3C
                         0001E1-0007FF              61F
        CODE             000004-00798D             798A
                         007CA0-007CA0                1
        COMRAM           000031-00005F               2F
        CONST            000004-00798D             798A
                         007CA0-007CA0                1
        EEDATA           F00000-F000FF              100
        MEDIUMCONST      000800-00798D             718E
                         007CA0-007CA0                1
        RAM              0000C4-0000FF               3C
                         0001E1-0007FF              100
        SFR              000F60-000FFF               A0
        SMALLCONST       000800-00798D              100
                         007CA0-007CA0                1
        STACK            0001E1-0007FF              61F

                                  Symbol Table

_CREN                    (abs)        007D5C
_LATB                    (abs)        000F8A
_LATB0                   (abs)        007C50
_LATB1                   (abs)        007C51
_PIR1bits                (abs)        000F9E
_RCREG                   (abs)        000FAE
_RCSTAbits               (abs)        000FAB
_SPBRG                   (abs)        000FAF
_TRISB                   (abs)        000F93
_TRISCbits               (abs)        000F94
_TXREG                   (abs)        000FAD
_TXSTAbits               (abs)        000FAC
__HRAM                   (abs)        000000
__Habs1                  abs1         000000
__Hbank0                 bank0        000000
__Hbank1                 bank1        000000
__Hbank2                 bank2        000000
__Hbank3                 bank3        000000
__Hbank4                 bank4        000000
__Hbank5                 bank5        000000
__Hbank6                 bank6        000000
__Hbank7                 bank7        000000
__Hbigbss                bigbss       000000
__Hbigdata               bigdata      000000
__Hbigram                bigram       000000
__Hbss                   bss          000000
__HbssCOMRAM             bssCOMRAM    000000
__Hcinit                 cinit        000000
__Hclrtext               clrtext      000000
__Hcomram                comram       000000
__Hconfig                config       30000E
__Hconst                 const        000000
__HcstackCOMRAM          cstackCOMRAM 000000
__Hdata                  data         000000
__HdataBANK0             dataBANK0    000000
__HdataBANK1             dataBANK1    000000
__HdataCOMRAM            dataCOMRAM   000000
__Heeprom_data           eeprom_data  000000
__Hfarbss                farbss       000000
__Hfardata               fardata      000000
__Hibigdata              ibigdata     000000
__Hidata                 idata        000000
__HidataBANK0            idataBANK0   000000
__HidataBANK1            idataBANK1   000000
__HidataCOMRAM           idataCOMRAM  000000
__Hidloc                 idloc        200008
__Hifardata              ifardata     000000
__Hinit                  init         000004
__Hintcode               intcode      000000
__Hintcode_body          intcode_body 000000
__Hintcodelo             intcodelo    000000
__Hintentry              intentry     000000
__Hintret                intret       000000
__Hintsave_regs          intsave_regs 000000
__Hirdata                irdata       000000
__Hmediumconst           mediumconst  000000
__HnvFARRAM              nvFARRAM     000000
__Hnvbit                 nvbit        000000
__Hnvrram                nvrram       000000
__Hparam                 rparam       000000
__Hpowerup               powerup      000000
__Hram                   ram          000000
__Hramtop                ramtop       000800
__Hrbit                  rbit         000000
__Hrbss                  rbss         000000
__Hrdata                 rdata        000000
__Hreset_vec             reset_vec    000000
__Hrparam                rparam       000000
__Hsfr                   sfr          000000
__Hsmallconst            smallconst   000000
__Hspace_0               (abs)        008000
__Hspace_1               (abs)        0001E1
__Hspace_2               (abs)        000000
__Hspace_4               (abs)        60000E
__Hstack                 stack        000000
__Hstruct                struct       000000
__Htemp                  temp         000000
__Htext                  text         000000
__Htext0                 text0        000000
__Htext1                 text1        000000
__Htext2                 text2        000000
__Htext3                 text3        000000
__Htext4                 text4        000000
__Htext5                 text5        000000
__Htext6                 text6        000000
__Htext7                 text7        000000
__Htext8                 text8        000000
__Htext9                 text9        000000
__LRAM                   (abs)        000001
__Labs1                  abs1         000000
__Lbank0                 bank0        000000
__Lbank1                 bank1        000000
__Lbank2                 bank2        000000
__Lbank3                 bank3        000000
__Lbank4                 bank4        000000
__Lbank5                 bank5        000000
__Lbank6                 bank6        000000
__Lbank7                 bank7        000000
__Lbigbss                bigbss       000000
__Lbigdata               bigdata      000000
__Lbigram                bigram       000000
__Lbss                   bss          000000
__LbssCOMRAM             bssCOMRAM    000000
__Lcinit                 cinit        000000
__Lclrtext               clrtext      000000
__Lcomram                comram       000000
__Lconfig                config       000000
__Lconst                 const        000000
__LcstackCOMRAM          cstackCOMRAM 000000
__Ldata                  data         000000
__LdataBANK0             dataBANK0    000000
__LdataBANK1             dataBANK1    000000
__LdataCOMRAM            dataCOMRAM   000000
__Leeprom_data           eeprom_data  000000
__Lfarbss                farbss       000000
__Lfardata               fardata      000000
__Libigdata              ibigdata     000000
__Lidata                 idata        000000
__LidataBANK0            idataBANK0   000000
__LidataBANK1            idataBANK1   000000
__LidataCOMRAM           idataCOMRAM  000000
__Lidloc                 idloc        000000
__Lifardata              ifardata     000000
__Linit                  init         000000
__Lintcode               intcode      000000
__Lintcode_body          intcode_body 000000
__Lintcodelo             intcodelo    000000
__Lintentry              intentry     000000
__Lintret                intret       000000
__Lintsave_regs          intsave_regs 000000
__Lirdata                irdata       000000
__Lmediumconst           mediumconst  000000
__LnvFARRAM              nvFARRAM     000000
__Lnvbit                 nvbit        000000
__Lnvrram                nvrram       000000
__Lparam                 rparam       000000
__Lpowerup               powerup      000000
__Lram                   ram          000000
__Lramtop                ramtop       000800
__Lrbit                  rbit         000000
__Lrbss                  rbss         000000
__Lrdata                 rdata        000000
__Lreset_vec             reset_vec    000000
__Lrparam                rparam       000000
__Lsfr                   sfr          000000
__Lsmallconst            smallconst   000000
__Lspace_0               (abs)        000000
__Lspace_1               (abs)        000000
__Lspace_2               (abs)        000000
__Lspace_4               (abs)        000000
__Lstack                 stack        000000
__Lstruct                struct       000000
__Ltemp                  temp         000000
__Ltext                  text         000000
__Ltext0                 text0        000000
__Ltext1                 text1        000000
__Ltext2                 text2        000000
__Ltext3                 text3        000000
__Ltext4                 text4        000000
__Ltext5                 text5        000000
__Ltext6                 text6        000000
__Ltext7                 text7        000000
__Ltext8                 text8        000000
__Ltext9                 text9        000000
__S0                     (abs)        008000
__S1                     (abs)        0001E1
__S2                     (abs)        000000
__S4                     (abs)        000000
__S5                     (abs)        000000
___inthi_sp              stack        000000
___intlo_sp              stack        000000
___param_bank            (abs)        000000
___rparam_used           (abs)        000001
___sp                    stack        000000
__accesstop              (abs)        000060
__activetblptr           (abs)        000002
__end_of__initialization cinit        007BEC
__end_of_ascii_display   text8        007A14
__end_of_days_display    text6        007E6C
__end_of_lcd_command     text5        007B1C
__end_of_lcd_data        text9        007ACA
__end_of_lcd_init        text4        007A78
__end_of_lcd_string      text7        007A44
__end_of_main            text0        007CA0
__end_of_months_display  text3        008000
__end_of_uart_init       text2        0079A6
__end_of_uart_rx         text1        0079E8
__initialization         cinit        007B80
__mediumconst            mediumconst  000000
__pbssCOMRAM             bssCOMRAM    00001D
__pcinit                 cinit        007B80
__pcstackCOMRAM          cstackCOMRAM 000027
__pdataBANK0             dataBANK0    000060
__pdataBANK1             dataBANK1    000100
__pdataCOMRAM            dataCOMRAM   000001
__pidataBANK0            idataBANK0   007B1C
__pidataBANK1            idataBANK1   007CA1
__pidataCOMRAM           idataCOMRAM  0079A6
__ptext0                 text0        007BF6
__ptext1                 text1        0079C2
__ptext2                 text2        00798E
__ptext3                 text3        007E6C
__ptext4                 text4        007A44
__ptext5                 text5        007ACA
__ptext6                 text6        007D82
__ptext7                 text7        007A14
__ptext8                 text8        0079E8
__ptext9                 text9        007A78
__ramtop                 ramtop       000800
__size_of_ascii_display  (abs)        000000
__size_of_days_display   (abs)        000000
__size_of_lcd_command    (abs)        000000
__size_of_lcd_data       (abs)        000000
__size_of_lcd_init       (abs)        000000
__size_of_lcd_string     (abs)        000000
__size_of_main           (abs)        000000
__size_of_months_display (abs)        000000
__size_of_uart_init      (abs)        000000
__size_of_uart_rx        (abs)        000000
__smallconst             smallconst   000000
_ascii_display           text8        0079E8
_colon                   dataCOMRAM   00001B
_dash                    dataCOMRAM   000019
_date                    dataCOMRAM   000001
_days                    dataBANK0    000060
_days_display            text6        007D82
_error                   dataCOMRAM   00000F
_lcd_command             text5        007ACA
_lcd_data                text9        007A78
_lcd_init                text4        007A44
_lcd_string              text7        007A14
_main                    text0        007BF6
_months                  dataBANK1    000100
_months_display          text3        007E6C
_point                   dataCOMRAM   000016
_rx_data                 bssCOMRAM    00001D
_time                    dataCOMRAM   000008
_uart_init               text2        00798E
_uart_rx                 text1        0079C2
ascii_display@bcd        cstackCOMRAM 000029
ascii_display@temp       cstackCOMRAM 00002A
days_display@bcd         cstackCOMRAM 00002D
days_display@temp        cstackCOMRAM 00002E
end_of_initialization    cinit        007BEC
intlevel0                text         000000
intlevel1                text         000000
intlevel2                text         000000
intlevel3                text         000000
lcd_command@cmd          cstackCOMRAM 000028
lcd_data@dat             cstackCOMRAM 000028
lcd_string@str           cstackCOMRAM 000029
main@i                   cstackCOMRAM 000030
months_display@Htemp     cstackCOMRAM 00002F
months_display@Ltemp     cstackCOMRAM 00002E
months_display@bcd       cstackCOMRAM 00002D
stackhi                  (abs)        0007FF
stacklo                  (abs)        0001E1
start                    init         000000
start_initialization     cinit        007B80


FUNCTION INFORMATION:

 *************** function _main *****************
 Defined at:
		line 11 in file "main.c"
 Parameters:    Size  Location     Type
		None
 Auto vars:     Size  Location     Type
  i               1    9[COMRAM] unsigned char 
 Return value:  Size  Location     Type
                  1    wreg      void 
 Registers used:
		wreg, fsr2l, fsr2h, status,2, status,0, cstack
 Tracked objects:
		On entry : 
		On exit  : 
		Unchanged: 
 Data sizes:     COMRAM   BANK0   BANK1   BANK2   BANK3   BANK4   BANK5   BANK6   BANK7
      Params:         0       0       0       0       0       0       0       0       0
      Locals:         1       0       0       0       0       0       0       0       0
      Temps:          0       0       0       0       0       0       0       0       0
      Totals:         1       0       0       0       0       0       0       0       0
Total ram usage:        1 bytes
 Hardware stack levels required when called:    3
 This function calls:
		_ascii_display
		_days_display
		_lcd_command
		_lcd_init
		_lcd_string
		_months_display
		_uart_init
		_uart_rx
 This function is called by:
		Startup code after reset
 This function uses a non-reentrant model


 *************** function _uart_rx *****************
 Defined at:
		line 38 in file "uart_driver.c"
 Parameters:    Size  Location     Type
		None
 Auto vars:     Size  Location     Type
		None
 Return value:  Size  Location     Type
                  1    wreg      unsigned char 
 Registers used:
		wreg, status,2
 Tracked objects:
		On entry : 
		On exit  : 
		Unchanged: 
 Data sizes:     COMRAM   BANK0   BANK1   BANK2   BANK3   BANK4   BANK5   BANK6   BANK7
      Params:         0       0       0       0       0       0       0       0       0
      Locals:         0       0       0       0       0       0       0       0       0
      Temps:          0       0       0       0       0       0       0       0       0
      Totals:         0       0       0       0       0       0       0       0       0
Total ram usage:        0 bytes
 Hardware stack levels used:    1
 This function calls:
		Nothing
 This function is called by:
		_main
 This function uses a non-reentrant model


 *************** function _uart_init *****************
 Defined at:
		line 11 in file "uart_driver.c"
 Parameters:    Size  Location     Type
		None
 Auto vars:     Size  Location     Type
		None
 Return value:  Size  Location     Type
                  1    wreg      void 
 Registers used:
		wreg, status,2
 Tracked objects:
		On entry : 
		On exit  : 
		Unchanged: 
 Data sizes:     COMRAM   BANK0   BANK1   BANK2   BANK3   BANK4   BANK5   BANK6   BANK7
      Params:         0       0       0       0       0       0       0       0       0
      Locals:         0       0       0       0       0       0       0       0       0
      Temps:          0       0       0       0       0       0       0       0       0
      Totals:         0       0       0       0       0       0       0       0       0
Total ram usage:        0 bytes
 Hardware stack levels used:    1
 This function calls:
		Nothing
 This function is called by:
		_main
 This function uses a non-reentrant model


 *************** function _months_display *****************
 Defined at:
		line 65 in file "ds1307_driver.c"
 Parameters:    Size  Location     Type
  bcd             1    wreg     unsigned char 
 Auto vars:     Size  Location     Type
  bcd             1    6[COMRAM] unsigned char 
  Htemp           1    8[COMRAM] unsigned char 
  Ltemp           1    7[COMRAM] unsigned char 
 Return value:  Size  Location     Type
                  1    wreg      void 
 Registers used:
		wreg, fsr2l, fsr2h, status,2, status,0, cstack
 Tracked objects:
		On entry : 
		On exit  : 
		Unchanged: 
 Data sizes:     COMRAM   BANK0   BANK1   BANK2   BANK3   BANK4   BANK5   BANK6   BANK7
      Params:         0       0       0       0       0       0       0       0       0
      Locals:         3       0       0       0       0       0       0       0       0
      Temps:          2       0       0       0       0       0       0       0       0
      Totals:         5       0       0       0       0       0       0       0       0
Total ram usage:        5 bytes
 Hardware stack levels used:    1
 Hardware stack levels required when called:    2
 This function calls:
		_lcd_string
 This function is called by:
		_main
 This function uses a non-reentrant model


 *************** function _lcd_init *****************
 Defined at:
		line 11 in file "lcd16x2_driver.c"
 Parameters:    Size  Location     Type
		None
 Auto vars:     Size  Location     Type
		None
 Return value:  Size  Location     Type
                  1    wreg      void 
 Registers used:
		wreg, status,2, status,0, cstack
 Tracked objects:
		On entry : 
		On exit  : 
		Unchanged: 
 Data sizes:     COMRAM   BANK0   BANK1   BANK2   BANK3   BANK4   BANK5   BANK6   BANK7
      Params:         0       0       0       0       0       0       0       0       0
      Locals:         0       0       0       0       0       0       0       0       0
      Temps:          1       0       0       0       0       0       0       0       0
      Totals:         1       0       0       0       0       0       0       0       0
Total ram usage:        1 bytes
 Hardware stack levels used:    1
 Hardware stack levels required when called:    1
 This function calls:
		_lcd_command
 This function is called by:
		_main
 This function uses a non-reentrant model


 *************** function _lcd_command *****************
 Defined at:
		line 25 in file "lcd16x2_driver.c"
 Parameters:    Size  Location     Type
  cmd             1    wreg     unsigned char 
 Auto vars:     Size  Location     Type
  cmd             1    1[COMRAM] unsigned char 
 Return value:  Size  Location     Type
                  1    wreg      void 
 Registers used:
		wreg, status,2, status,0
 Tracked objects:
		On entry : 
		On exit  : 
		Unchanged: 
 Data sizes:     COMRAM   BANK0   BANK1   BANK2   BANK3   BANK4   BANK5   BANK6   BANK7
      Params:         0       0       0       0       0       0       0       0       0
      Locals:         1       0       0       0       0       0       0       0       0
      Temps:          1       0       0       0       0       0       0       0       0
      Totals:         2       0       0       0       0       0       0       0       0
Total ram usage:        2 bytes
 Hardware stack levels used:    1
 This function calls:
		Nothing
 This function is called by:
		_lcd_init
		_main
		_lcd_clear
 This function uses a non-reentrant model


 *************** function _days_display *****************
 Defined at:
		line 30 in file "ds1307_driver.c"
 Parameters:    Size  Location     Type
  bcd             1    wreg     unsigned char 
 Auto vars:     Size  Location     Type
  bcd             1    6[COMRAM] unsigned char 
  temp            1    7[COMRAM] unsigned char 
 Return value:  Size  Location     Type
                  1    wreg      void 
 Registers used:
		wreg, fsr2l, fsr2h, status,2, status,0, cstack
 Tracked objects:
		On entry : 
		On exit  : 
		Unchanged: 
 Data sizes:     COMRAM   BANK0   BANK1   BANK2   BANK3   BANK4   BANK5   BANK6   BANK7
      Params:         0       0       0       0       0       0       0       0       0
      Locals:         2       0       0       0       0       0       0       0       0
      Temps:          2       0       0       0       0       0       0       0       0
      Totals:         4       0       0       0       0       0       0       0       0
Total ram usage:        4 bytes
 Hardware stack levels used:    1
 Hardware stack levels required when called:    2
 This function calls:
		_lcd_string
 This function is called by:
		_main
 This function uses a non-reentrant model


 *************** function _lcd_string *****************
 Defined at:
		line 53 in file "lcd16x2_driver.c"
 Parameters:    Size  Location     Type
  str             2    2[COMRAM] PTR const unsigned char 
		 -> dash(2), point(3), colon(2), months(225), 
		 -> error(7), days(100), 
 Auto vars:     Size  Location     Type
		None
 Return value:  Size  Location     Type
                  1    wreg      void 
 Registers used:
		wreg, fsr2l, fsr2h, status,2, status,0, cstack
 Tracked objects:
		On entry : 
		On exit  : 
		Unchanged: 
 Data sizes:     COMRAM   BANK0   BANK1   BANK2   BANK3   BANK4   BANK5   BANK6   BANK7
      Params:         2       0       0       0       0       0       0       0       0
      Locals:         0       0       0       0       0       0       0       0       0
      Temps:          0       0       0       0       0       0       0       0       0
      Totals:         2       0       0       0       0       0       0       0       0
Total ram usage:        2 bytes
 Hardware stack levels used:    1
 Hardware stack levels required when called:    1
 This function calls:
		_lcd_data
 This function is called by:
		_days_display
		_months_display
		_main
 This function uses a non-reentrant model


 *************** function _ascii_display *****************
 Defined at:
		line 16 in file "ds1307_driver.c"
 Parameters:    Size  Location     Type
  bcd             1    wreg     unsigned char 
 Auto vars:     Size  Location     Type
  bcd             1    2[COMRAM] unsigned char 
  temp            1    3[COMRAM] unsigned char 
 Return value:  Size  Location     Type
                  1    wreg      void 
 Registers used:
		wreg, status,2, status,0, cstack
 Tracked objects:
		On entry : 
		On exit  : 
		Unchanged: 
 Data sizes:     COMRAM   BANK0   BANK1   BANK2   BANK3   BANK4   BANK5   BANK6   BANK7
      Params:         0       0       0       0       0       0       0       0       0
      Locals:         2       0       0       0       0       0       0       0       0
      Temps:          0       0       0       0       0       0       0       0       0
      Totals:         2       0       0       0       0       0       0       0       0
Total ram usage:        2 bytes
 Hardware stack levels used:    1
 Hardware stack levels required when called:    1
 This function calls:
		_lcd_data
 This function is called by:
		_main
 This function uses a non-reentrant model


 *************** function _lcd_data *****************
 Defined at:
		line 39 in file "lcd16x2_driver.c"
 Parameters:    Size  Location     Type
  dat             1    wreg     unsigned char 
 Auto vars:     Size  Location     Type
  dat             1    1[COMRAM] unsigned char 
 Return value:  Size  Location     Type
                  1    wreg      void 
 Registers used:
		wreg, status,2, status,0
 Tracked objects:
		On entry : 
		On exit  : 
		Unchanged: 
 Data sizes:     COMRAM   BANK0   BANK1   BANK2   BANK3   BANK4   BANK5   BANK6   BANK7
      Params:         0       0       0       0       0       0       0       0       0
      Locals:         1       0       0       0       0       0       0       0       0
      Temps:          1       0       0       0       0       0       0       0       0
      Totals:         2       0       0       0       0       0       0       0       0
Total ram usage:        2 bytes
 Hardware stack levels used:    1
 This function calls:
		Nothing
 This function is called by:
		_ascii_display
		_lcd_string
 This function uses a non-reentrant model



MODULE INFORMATION

Module		Function		Class		Link	Load	Size
uart_driver.c
		_uart_rx       		CODE           	79C2	0000	38
		_uart_init     		CODE           	798E	0000	24

uart_driver.c estimated size: 62

lcd16x2_driver.c
		_lcd_command   		CODE           	7ACA	0000	82
		_lcd_data      		CODE           	7A78	0000	82
		_lcd_string    		CODE           	7A14	0000	48
		_lcd_init      		CODE           	7A44	0000	52

lcd16x2_driver.c estimated size: 264

ds1307_driver.c
		_days_display  		CODE           	7D82	0000	234
		_months_display		CODE           	7E6C	0000	404
		_ascii_display 		CODE           	79E8	0000	44

ds1307_driver.c estimated size: 682

shared
		__initialization		CODE           	7B80	0000	108

shared estimated size: 108

main.c
		_main          		CODE           	7BF6	0000	170

main.c estimated size: 170

